
> agdevops-frontend@1.0.0 build
> vite build

[36mvite v6.4.1 [32mbuilding for production...[36m[39m
transforming...
[32m鉁?[39m 297 modules transformed.
node.exe : [31m鉁?[39m Build fa
iled in 669ms
所在位置 行:1 字符: 1
+ & "C:\Program Files\nodejs/no
de.exe" "C:\Program Files\nodej
s/node_mo ...
+ ~~~~~~~~~~~~~~~~~~~~~~~~~~~~~
~~~~~~~~~~~~~~~~~~~~~~~~~~~~~~~
~~~~~~~~~
    + CategoryInfo          :  
   NotSpecified: ([31m鉁?[39m  
   Build failed in 669ms:Str   
 ing) [], RemoteException
    + FullyQualifiedErrorId :  
   NativeCommandError
 
[31merror during build:
[31m[vite:vue] [plugin vite:vu
e] src/layout/AppLayout.vue (15
3:1): Invalid end tag.[31m
file: [36mD:/code/agdevops/fro
ntend/src/layout/AppLayout.vue:
153:1[31m
SyntaxError: [plugin vite:vue] 
src/layout/AppLayout.vue (153:1
): Invalid end tag.
    at createCompilerError (D:\
code\agdevops\frontend\node_mod
ules\@vue\compiler-core\dist\co
mpiler-core.cjs.prod.js:1374:17
)
    at emitError (D:\code\agdev
ops\frontend\node_modules\@vue\
compiler-core\dist\compiler-cor
e.cjs.prod.js:2980:5)
    at Object.onclosetag (D:\co
de\agdevops\frontend\node_modul
es\@vue\compiler-core\dist\comp
iler-core.cjs.prod.js:2387:9)
    at Tokenizer.stateInClosing
TagName (D:\code\agdevops\front
end\node_modules\@vue\compiler-
core\dist\compiler-core.cjs.pro
d.js:799:16)
    at Tokenizer.parse (D:\code
\agdevops\frontend\node_modules
\@vue\compiler-core\dist\compil
er-core.cjs.prod.js:1157:16)
    at Object.baseParse (D:\cod
e\agdevops\frontend\node_module
s\@vue\compiler-core\dist\compi
ler-core.cjs.prod.js:3012:13)
    at Object.parse (D:\code\ag
devops\frontend\node_modules\@v
ue\compiler-dom\dist\compiler-d
om.cjs.prod.js:665:23)
    at Object.parse$1 [as parse
] (D:\code\agdevops\frontend\no
de_modules\@vue\compiler-sfc\di
st\compiler-sfc.cjs.js:1824:24)
    at createDescriptor (file:/
//D:/code/agdevops/frontend/nod
e_modules/@vitejs/plugin-vue/di
st/index.mjs:71:43)
    at transformMain (file:///D
:/code/agdevops/frontend/node_m
odules/@vitejs/plugin-vue/dist/
index.mjs:2421:34)[39m
